src/components/ui/neural-network-hero.tsx(4,36): error TS2305: Module '"@react-three/fiber"' has no exported member 'MaterialNode'.
